******************************************************************************
                  TMS470 Linker PC v4.9.5                      
******************************************************************************
>> Linked Thu Apr 24 21:53:53 2014

OUTPUT FILE NAME:   <capsense.out>
ENTRY POINT SYMBOL: "_c_int00"  address: 00001365


MEMORY CONFIGURATION

         name            origin    length      used     unused   attr    fill
----------------------  --------  ---------  --------  --------  ----  --------
  FLASH                 00000000   00040000  000017b6  0003e84a  R  X
  SRAM                  20000000   00008000  00000264  00007d9c  RW X


SEGMENT ALLOCATION MAP

run origin  load origin   length   init length attrs members
----------  ----------- ---------- ----------- ----- -------
00000000    00000000    000017b8   000017b8    r-x
  00000000    00000000    0000026c   0000026c    r-- .intvecs
  0000026c    0000026c    000013ea   000013ea    r-x .text
  00001658    00001658    00000120   00000120    r-- .const
  00001778    00001778    00000040   00000040    r-- .cinit
20000000    20000000    00000200   00000000    rw-
  20000000    20000000    00000200   00000000    rw- .stack
20000200    20000200    00000064   0000003c    rw-
  20000200    20000200    0000003c   0000003c    rw- .data
  2000023c    2000023c    00000028   00000000    rw- .bss


SECTION ALLOCATION MAP

 output                                  attributes/
section   page    origin      length       input sections
--------  ----  ----------  ----------   ----------------
.intvecs   0    00000000    0000026c     
                  00000000    0000026c     startup_ccs.obj (.intvecs)

.init_array 
*          0    00000000    00000000     UNINITIALIZED

.text      0    0000026c    000013ea     
                  0000026c    000002d0     capsense.obj (.text:main)
                  0000053c    00000278     capsense.obj (.text:LEDOutput)
                  000007b4    0000023e     uartstdio.obj (.text:UARTprintf)
                  000009f2    00000002     startup_ccs.obj (.text:FaultISR)
                  000009f4    000001d8     driverlib-cm4f.lib : sysctl.obj (.text:SysCtlClockGet)
                  00000bcc    000001c8     CTS_Layer.obj (.text:TI_CAPT_Custom)
                  00000d94    00000110     CTS_Layer.obj (.text:TI_CAPT_Wheel)
                  00000ea4    000000c8     driverlib-cm4f.lib : gpio.obj (.text:GPIOPadConfigSet)
                  00000f6c    0000009c     uartstdio.obj (.text:UARTgets)
                  00001008    0000009c     rtsv7M4_T_le_v4SPD16_eabi.lib : memcpy_t2.obj (.text)
                  000010a4    00000094                                   : auto_init.obj (.text)
                  00001138    00000070     CTS_Layer.obj (.text:Dominant_Element)
                  000011a8    00000064     capsense.obj (.text:GetGesture)
                  0000120c    0000005e     rtsv7M4_T_le_v4SPD16_eabi.lib : copy_decompress_rle.obj (.text)
                  0000126a    00000002     startup_ccs.obj (.text:IntDefaultHandler)
                  0000126c    00000058     uartstdio.obj (.text:UARTStdioConfig)
                  000012c4    00000054     CTS_Layer.obj (.text:TI_CAPT_Update_Baseline)
                  00001318    0000004c     rtsv7M4_T_le_v4SPD16_eabi.lib : cpy_tbl.obj (.text)
                  00001364    00000048                                   : boot.obj (.text)
                  000013ac    00000044     uartstdio.obj (.text:UARTwrite)
                  000013f0    00000044     rtsv7M4_T_le_v4SPD16_eabi.lib : exit.obj (.text)
                  00001434    00000042                                   : u_divt2.obj (.text)
                  00001476    00000002     startup_ccs.obj (.text:NmiSR)
                  00001478    00000040     CTS_HAL.obj (.text:CapSenseElementSystickRC)
                  000014b8    0000003c     CTS_HAL.obj (.text:CapSenseSystickRC)
                  000014f4    0000002e     driverlib-cm4f.lib : gpio.obj (.text:GPIODirModeSet)
                  00001522    00000002     --HOLE-- [fill = 0]
                  00001524    00000020     CTS_Layer.obj (.text:TI_CAPT_Button)
                  00001544    00000020     uartstdio.obj (.text:UARTStdioInitExpClk)
                  00001564    00000018     capsense.obj (.text:DelayMs)
                  0000157c    00000018     rtsv7M4_T_le_v4SPD16_eabi.lib : _lock.obj (.text)
                  00001594    00000018                                   : args_main.obj (.text)
                  000015ac    00000014     driverlib-cm4f.lib : systick.obj (.text:SysTickEnable)
                  000015c0    00000012                        : gpio.obj (.text:GPIOPinTypeGPIOInput)
                  000015d2    00000012                        : gpio.obj (.text:GPIOPinTypeGPIOOutput)
                  000015e4    00000012     rtsv7M4_T_le_v4SPD16_eabi.lib : copy_zero_init.obj (.text:decompress:ZI)
                  000015f6    00000002     --HOLE-- [fill = 0]
                  000015f8    00000010     driverlib-cm4f.lib : systick.obj (.text:SysTickPeriodSet)
                  00001608    00000010     CTS_Layer.obj (.text:TI_CAPT_Init_Baseline)
                  00001618    0000000e     rtsv7M4_T_le_v4SPD16_eabi.lib : copy_decompress_none.obj (.text:decompress:none)
                  00001626    0000000a     driverlib-cm4f.lib : gpio.obj (.text:GPIOPinRead)
                  00001630    0000000a                        : gpio.obj (.text:GPIOPinWrite)
                  0000163a    0000000a                        : uart.obj (.text:UARTCharPut)
                  00001644    00000006     startup_ccs.obj (.text:ResetISR)
                  0000164a    00000006     driverlib-cm4f.lib : sysctl.obj (.text:SysCtlDelay)
                  00001650    00000006     rtsv7M4_T_le_v4SPD16_eabi.lib : copy_decompress_rle.obj (.text:decompress:rle24)

.const     0    00001658    00000120     
                  00001658    0000006c     driverlib-cm4f.lib : sysctl.obj (.const:g_pulXtals)
                  000016c4    00000050     CTS_structure.obj (.const)
                  00001714    00000024     CTS_structure.obj (.const:g_sMiddleButton)
                  00001738    00000024     CTS_structure.obj (.const:g_sSensorWheel)
                  0000175c    0000001c     uartstdio.obj (.const)

.cinit     0    00001778    00000040     
                  00001778    00000019     (.cinit..data.load) [load image, compression = rle]
                  00001791    00000003     --HOLE-- [fill = 0]
                  00001794    0000000c     (__TI_handler_table)
                  000017a0    00000008     (.cinit..bss.load) [load image, compression = zero_init]
                  000017a8    00000010     (__TI_cinit_table)

.stack     0    20000000    00000200     UNINITIALIZED
                  20000000    00000200     --HOLE--

.data      0    20000200    0000003c     
                  20000200    0000001c     capsense.obj (.data)
                  2000021c    00000008     rtsv7M4_T_le_v4SPD16_eabi.lib : _lock.obj (.data)
                  20000224    00000008                                   : exit.obj (.data)
                  2000022c    00000005     uartstdio.obj (.data)
                  20000231    00000003     --HOLE--
                  20000234    00000004     CTS_Layer.obj (.data)
                  20000238    00000004     rtsv7M4_T_le_v4SPD16_eabi.lib : stkdepth_vars.obj (.data)

.bss       0    2000023c    00000028     UNINITIALIZED
                  2000023c    00000028     CTS_Layer.obj (.bss)


LINKER GENERATED COPY TABLES

__TI_cinit_table @ 000017a8 records: 2, size/record: 8, table size: 16
	.data: load addr=00001778, load size=00000019 bytes, run addr=20000200, run size=0000003c bytes, compression=rle
	.bss: load addr=000017a0, load size=00000008 bytes, run addr=2000023c, run size=00000028 bytes, compression=zero_init


LINKER GENERATED HANDLER TABLE

__TI_handler_table @ 00001794 records: 3, size/record: 4, table size: 12
	index: 0, handler: __TI_decompress_rle24
	index: 1, handler: __TI_decompress_none
	index: 2, handler: __TI_zero_init


GLOBAL SYMBOLS: SORTED ALPHABETICALLY BY Name 

address    name
--------   ----
000013f1   C$$EXIT
00001479   CapSenseElementSystickRC
000014b9   CapSenseSystickRC
00001565   DelayMs
00001139   Dominant_Element
000014f5   GPIODirModeSet
00000ea5   GPIOPadConfigSet
00001627   GPIOPinRead
000015c1   GPIOPinTypeGPIOInput
000015d3   GPIOPinTypeGPIOOutput
00001631   GPIOPinWrite
000011a9   GetGesture
0000053d   LEDOutput
00001645   ResetISR
UNDEFED    SHT$$INIT_ARRAY$$Base
UNDEFED    SHT$$INIT_ARRAY$$Limit
000009f5   SysCtlClockGet
0000164b   SysCtlDelay
000015ad   SysTickEnable
000015f9   SysTickPeriodSet
00001525   TI_CAPT_Button
00000bcd   TI_CAPT_Custom
00001609   TI_CAPT_Init_Baseline
000012c5   TI_CAPT_Update_Baseline
00000d95   TI_CAPT_Wheel
0000163b   UARTCharPut
0000126d   UARTStdioConfig
00001545   UARTStdioInitExpClk
00000f6d   UARTgets
000007b5   UARTprintf
000013ad   UARTwrite
20000200   __STACK_END
00000200   __STACK_SIZE
20000200   __STACK_TOP
000017a8   __TI_CINIT_Base
000017b8   __TI_CINIT_Limit
00001794   __TI_Handler_Table_Base
000017a0   __TI_Handler_Table_Limit
00000001   __TI_args_main
000010a5   __TI_auto_init
00001619   __TI_decompress_none
00001651   __TI_decompress_rle24
00000000   __TI_static_base__
000015e5   __TI_zero_init
00001009   __aeabi_memcpy
00001009   __aeabi_memcpy4
00001009   __aeabi_memcpy8
00001435   __aeabi_uidivmod
ffffffff   __binit__
ffffffff   __c_args__
20000000   __stack
00001595   _args_main
00001365   _c_int00
20000224   _cleanup_ptr
20000228   _dtors_ptr
2000021c   _lock
00001589   _nop
00001583   _register_lock
0000157d   _register_unlock
20000220   _unlock
000013f5   abort
2000023c   baseCnt
ffffffff   binit
00001319   copy_in
20000234   ctsStatusReg
000013fd   exit
00000000   g_pfnVectors
000016d4   g_sLeftElement
00001714   g_sMiddleButton
00001704   g_sMiddleElement
000016e4   g_sRightElement
00001738   g_sSensorWheel
000016c4   g_sVolumeDownElement
000016f4   g_sVolumeUpElement
20000210   g_ulCenterBaseline
20000204   g_ulDownBaseline
20000208   g_ulLeftBaseline
2000020c   g_ulRightBaseline
20000200   g_ulUpBaseline
20000214   g_ulWheelPosition
0000026d   main
20000238   main_func_sp
20000254   measCnt
00001009   memcpy
20000218   ulPreviousWheelPosition


GLOBAL SYMBOLS: SORTED BY Symbol Address 

address    name
--------   ----
00000000   __TI_static_base__
00000000   g_pfnVectors
00000001   __TI_args_main
00000200   __STACK_SIZE
0000026d   main
0000053d   LEDOutput
000007b5   UARTprintf
000009f5   SysCtlClockGet
00000bcd   TI_CAPT_Custom
00000d95   TI_CAPT_Wheel
00000ea5   GPIOPadConfigSet
00000f6d   UARTgets
00001009   __aeabi_memcpy
00001009   __aeabi_memcpy4
00001009   __aeabi_memcpy8
00001009   memcpy
000010a5   __TI_auto_init
00001139   Dominant_Element
000011a9   GetGesture
0000126d   UARTStdioConfig
000012c5   TI_CAPT_Update_Baseline
00001319   copy_in
00001365   _c_int00
000013ad   UARTwrite
000013f1   C$$EXIT
000013f5   abort
000013fd   exit
00001435   __aeabi_uidivmod
00001479   CapSenseElementSystickRC
000014b9   CapSenseSystickRC
000014f5   GPIODirModeSet
00001525   TI_CAPT_Button
00001545   UARTStdioInitExpClk
00001565   DelayMs
0000157d   _register_unlock
00001583   _register_lock
00001589   _nop
00001595   _args_main
000015ad   SysTickEnable
000015c1   GPIOPinTypeGPIOInput
000015d3   GPIOPinTypeGPIOOutput
000015e5   __TI_zero_init
000015f9   SysTickPeriodSet
00001609   TI_CAPT_Init_Baseline
00001619   __TI_decompress_none
00001627   GPIOPinRead
00001631   GPIOPinWrite
0000163b   UARTCharPut
00001645   ResetISR
0000164b   SysCtlDelay
00001651   __TI_decompress_rle24
000016c4   g_sVolumeDownElement
000016d4   g_sLeftElement
000016e4   g_sRightElement
000016f4   g_sVolumeUpElement
00001704   g_sMiddleElement
00001714   g_sMiddleButton
00001738   g_sSensorWheel
00001794   __TI_Handler_Table_Base
000017a0   __TI_Handler_Table_Limit
000017a8   __TI_CINIT_Base
000017b8   __TI_CINIT_Limit
20000000   __stack
20000200   __STACK_END
20000200   __STACK_TOP
20000200   g_ulUpBaseline
20000204   g_ulDownBaseline
20000208   g_ulLeftBaseline
2000020c   g_ulRightBaseline
20000210   g_ulCenterBaseline
20000214   g_ulWheelPosition
20000218   ulPreviousWheelPosition
2000021c   _lock
20000220   _unlock
20000224   _cleanup_ptr
20000228   _dtors_ptr
20000234   ctsStatusReg
20000238   main_func_sp
2000023c   baseCnt
20000254   measCnt
ffffffff   __binit__
ffffffff   __c_args__
ffffffff   binit
UNDEFED    SHT$$INIT_ARRAY$$Base
UNDEFED    SHT$$INIT_ARRAY$$Limit

[85 symbols]
