******************************************************************************
                  TMS470 Linker PC v4.9.5                      
******************************************************************************
>> Linked Thu Apr 24 21:54:08 2014

OUTPUT FILE NAME:   <interrupts.out>
ENTRY POINT SYMBOL: "_c_int00"  address: 00000ba9


MEMORY CONFIGURATION

         name            origin    length      used     unused   attr    fill
----------------------  --------  ---------  --------  --------  ----  --------
  FLASH                 00000000   00040000  00000e74  0003f18c  R  X
  SRAM                  20000000   00008000  0000022c  00007dd4  RW X


SEGMENT ALLOCATION MAP

run origin  load origin   length   init length attrs members
----------  ----------- ---------- ----------- ----- -------
00000000    00000000    00000e78   00000e78    r-x
  00000000    00000000    0000026c   0000026c    r-- .intvecs
  0000026c    0000026c    00000b3c   00000b3c    r-x .text
  00000da8    00000da8    00000094   00000094    r-- .const
  00000e40    00000e40    00000038   00000038    r-- .cinit
20000000    20000000    00000200   00000000    rw-
  20000000    20000000    00000200   00000000    rw- .stack
20000200    20000200    0000002c   0000001c    rw-
  20000200    20000200    0000001c   0000001c    rw- .data
  2000021c    2000021c    00000010   00000000    rw- .bss


SECTION ALLOCATION MAP

 output                                  attributes/
section   page    origin      length       input sections
--------  ----  ----------  ----------   ----------------
.intvecs   0    00000000    0000026c     
                  00000000    0000026c     startup_ccs.obj (.intvecs)

.init_array 
*          0    00000000    00000000     UNINITIALIZED

.text      0    0000026c    00000b3c     
                  0000026c    000002c0     interrupts.obj (.text:main)
                  0000052c    0000023e     uartstdio.obj (.text:UARTprintf)
                  0000076a    00000002     startup_ccs.obj (.text:FaultISR)
                  0000076c    0000009c     uartstdio.obj (.text:UARTgets)
                  00000808    0000009c     rtsv7M4_T_le_v4SPD16_eabi.lib : memcpy_t2.obj (.text)
                  000008a4    00000094                                   : auto_init.obj (.text)
                  00000938    0000007c     interrupts.obj (.text:DisplayIntStatus)
                  000009b4    0000005e     rtsv7M4_T_le_v4SPD16_eabi.lib : copy_decompress_rle.obj (.text)
                  00000a12    00000002     startup_ccs.obj (.text:IntDefaultHandler)
                  00000a14    00000058     uartstdio.obj (.text:UARTStdioConfig)
                  00000a6c    00000054     interrupts.obj (.text:IntGPIOb)
                  00000ac0    00000054     interrupts.obj (.text:IntGPIOc)
                  00000b14    0000004c     rtsv7M4_T_le_v4SPD16_eabi.lib : cpy_tbl.obj (.text)
                  00000b60    00000048     driverlib-cm4f.lib : gpio.obj (.text:GPIOPinConfigure)
                  00000ba8    00000048     rtsv7M4_T_le_v4SPD16_eabi.lib : boot.obj (.text)
                  00000bf0    00000044     interrupts.obj (.text:IntGPIOa)
                  00000c34    00000044     uartstdio.obj (.text:UARTwrite)
                  00000c78    00000044     rtsv7M4_T_le_v4SPD16_eabi.lib : exit.obj (.text)
                  00000cbc    00000042                                   : u_divt2.obj (.text)
                  00000cfe    00000002     startup_ccs.obj (.text:NmiSR)
                  00000d00    0000002c     interrupts.obj (.text:Delay)
                  00000d2c    00000020     uartstdio.obj (.text:UARTStdioInit)
                  00000d4c    00000018     rtsv7M4_T_le_v4SPD16_eabi.lib : _lock.obj (.text)
                  00000d64    00000018                                   : args_main.obj (.text)
                  00000d7c    00000012                                   : copy_zero_init.obj (.text:decompress:ZI)
                  00000d8e    0000000e                                   : copy_decompress_none.obj (.text:decompress:none)
                  00000d9c    00000006     startup_ccs.obj (.text:ResetISR)
                  00000da2    00000006     rtsv7M4_T_le_v4SPD16_eabi.lib : copy_decompress_rle.obj (.text:decompress:rle24)

.const     0    00000da8    00000094     
                  00000da8    00000078     driverlib-cm4f.lib : gpio.obj (.const:g_pulGPIOBaseAddrs)
                  00000e20    0000001c     uartstdio.obj (.const)

.cinit     0    00000e40    00000038     
                  00000e40    0000000f     (.cinit..data.load) [load image, compression = rle]
                  00000e4f    00000001     --HOLE-- [fill = 0]
                  00000e50    0000000c     (__TI_handler_table)
                  00000e5c    00000004     --HOLE-- [fill = 0]
                  00000e60    00000008     (.cinit..bss.load) [load image, compression = zero_init]
                  00000e68    00000010     (__TI_cinit_table)

.stack     0    20000000    00000200     UNINITIALIZED
                  20000000    00000200     --HOLE--

.data      0    20000200    0000001c     
                  20000200    00000008     rtsv7M4_T_le_v4SPD16_eabi.lib : _lock.obj (.data)
                  20000208    00000008                                   : exit.obj (.data)
                  20000210    00000005     uartstdio.obj (.data)
                  20000215    00000003     --HOLE--
                  20000218    00000004     rtsv7M4_T_le_v4SPD16_eabi.lib : stkdepth_vars.obj (.data)

.bss       0    2000021c    00000010     UNINITIALIZED
                  2000021c    00000010     interrupts.obj (.bss)


LINKER GENERATED COPY TABLES

__TI_cinit_table @ 00000e68 records: 2, size/record: 8, table size: 16
	.data: load addr=00000e40, load size=0000000f bytes, run addr=20000200, run size=0000001c bytes, compression=rle
	.bss: load addr=00000e60, load size=00000008 bytes, run addr=2000021c, run size=00000010 bytes, compression=zero_init


LINKER GENERATED HANDLER TABLE

__TI_handler_table @ 00000e50 records: 3, size/record: 4, table size: 12
	index: 0, handler: __TI_decompress_rle24
	index: 1, handler: __TI_decompress_none
	index: 2, handler: __TI_zero_init


GLOBAL SYMBOLS: SORTED ALPHABETICALLY BY Name 

address    name
--------   ----
00000c79   C$$EXIT
00000d01   Delay
00000939   DisplayIntStatus
00000b61   GPIOPinConfigure
00000bf1   IntGPIOa
00000a6d   IntGPIOb
00000ac1   IntGPIOc
00000d9d   ResetISR
UNDEFED    SHT$$INIT_ARRAY$$Base
UNDEFED    SHT$$INIT_ARRAY$$Limit
00000a15   UARTStdioConfig
00000d2d   UARTStdioInit
0000076d   UARTgets
0000052d   UARTprintf
00000c35   UARTwrite
20000200   __STACK_END
00000200   __STACK_SIZE
20000200   __STACK_TOP
00000e68   __TI_CINIT_Base
00000e78   __TI_CINIT_Limit
00000e50   __TI_Handler_Table_Base
00000e5c   __TI_Handler_Table_Limit
00000001   __TI_args_main
000008a5   __TI_auto_init
00000d8f   __TI_decompress_none
00000da3   __TI_decompress_rle24
00000000   __TI_static_base__
00000d7d   __TI_zero_init
00000809   __aeabi_memcpy
00000809   __aeabi_memcpy4
00000809   __aeabi_memcpy8
00000cbd   __aeabi_uidivmod
ffffffff   __binit__
ffffffff   __c_args__
20000000   __stack
00000d65   _args_main
00000ba9   _c_int00
20000208   _cleanup_ptr
2000020c   _dtors_ptr
20000200   _lock
00000d59   _nop
00000d53   _register_lock
00000d4d   _register_unlock
20000204   _unlock
00000c7d   abort
ffffffff   binit
00000b15   copy_in
00000c85   exit
00000000   g_pfnVectors
20000220   g_ulGPIOa
20000224   g_ulGPIOb
20000228   g_ulGPIOc
2000021c   g_ulIndex
0000026d   main
20000218   main_func_sp
00000809   memcpy


GLOBAL SYMBOLS: SORTED BY Symbol Address 

address    name
--------   ----
00000000   __TI_static_base__
00000000   g_pfnVectors
00000001   __TI_args_main
00000200   __STACK_SIZE
0000026d   main
0000052d   UARTprintf
0000076d   UARTgets
00000809   __aeabi_memcpy
00000809   __aeabi_memcpy4
00000809   __aeabi_memcpy8
00000809   memcpy
000008a5   __TI_auto_init
00000939   DisplayIntStatus
00000a15   UARTStdioConfig
00000a6d   IntGPIOb
00000ac1   IntGPIOc
00000b15   copy_in
00000b61   GPIOPinConfigure
00000ba9   _c_int00
00000bf1   IntGPIOa
00000c35   UARTwrite
00000c79   C$$EXIT
00000c7d   abort
00000c85   exit
00000cbd   __aeabi_uidivmod
00000d01   Delay
00000d2d   UARTStdioInit
00000d4d   _register_unlock
00000d53   _register_lock
00000d59   _nop
00000d65   _args_main
00000d7d   __TI_zero_init
00000d8f   __TI_decompress_none
00000d9d   ResetISR
00000da3   __TI_decompress_rle24
00000e50   __TI_Handler_Table_Base
00000e5c   __TI_Handler_Table_Limit
00000e68   __TI_CINIT_Base
00000e78   __TI_CINIT_Limit
20000000   __stack
20000200   __STACK_END
20000200   __STACK_TOP
20000200   _lock
20000204   _unlock
20000208   _cleanup_ptr
2000020c   _dtors_ptr
20000218   main_func_sp
2000021c   g_ulIndex
20000220   g_ulGPIOa
20000224   g_ulGPIOb
20000228   g_ulGPIOc
ffffffff   __binit__
ffffffff   __c_args__
ffffffff   binit
UNDEFED    SHT$$INIT_ARRAY$$Base
UNDEFED    SHT$$INIT_ARRAY$$Limit

[56 symbols]
