******************************************************************************
                  TMS470 Linker PC v4.9.5                      
******************************************************************************
>> Linked Thu Apr 24 21:54:37 2014

OUTPUT FILE NAME:   <usb_dev_serial.out>
ENTRY POINT SYMBOL: "_c_int00"  address: 00001f51


MEMORY CONFIGURATION

         name            origin    length      used     unused   attr    fill
----------------------  --------  ---------  --------  --------  ----  --------
  FLASH                 00000000   00040000  00002fe6  0003d01a  R  X
  SRAM                  20000000   00008000  00000804  000077fc  RW X


SEGMENT ALLOCATION MAP

run origin  load origin   length   init length attrs members
----------  ----------- ---------- ----------- ----- -------
00000000    00000000    00002fe8   00002fe8    r-x
  00000000    00000000    0000026c   0000026c    r-- .intvecs
  0000026c    0000026c    00002930   00002930    r-x .text
  00002b9c    00002b9c    0000038a   0000038a    r-- .const
  00002f28    00002f28    000000c0   000000c0    r-- .cinit
20000000    20000000    00000730   00000000    rw-
  20000000    20000000    00000400   00000000    rw- .stack
  20000400    20000400    00000330   00000000    rw- .bss
20000730    20000730    000000d4   000000d4    rw-
  20000730    20000730    000000d4   000000d4    rw- .data


SECTION ALLOCATION MAP

 output                                  attributes/
section   page    origin      length       input sections
--------  ----  ----------  ----------   ----------------
.intvecs   0    00000000    0000026c     
                  00000000    0000026c     startup_ccs.obj (.intvecs)

.init_array 
*          0    00000000    00000000     UNINITIALIZED

.text      0    0000026c    00002930     
                  0000026c    000001d8     driverlib-cm4f.lib : sysctl.obj (.text:SysCtlClockGet)
                  00000444    000001a8     usb_dev_serial.obj (.text:main)
                  000005ec    00000188     usblib-cm4f.lib : usbdconfig.obj (.text:USBDeviceConfig)
                  00000774    00000160                     : usbdenum.obj (.text:USBDEP0StateTxConfig)
                  000008d4    000000f4                     : usbdenum.obj (.text:USBDCDInit)
                  000009c8    000000d4                     : usbdenum.obj (.text:USBDeviceEnumHandler)
                  00000a9c    000000d0                     : usbdenum.obj (.text:USBDGetDescriptor)
                  00000b6c    000000cc     usb_dev_serial.obj (.text:ControlHandler)
                  00000c38    000000c0     usblib-cm4f.lib : usbdcdc.obj (.text:HandleRequests)
                  00000cf8    000000bc                     : usbdconfig.obj (.text:USBDeviceConfigAlternate)
                  00000db4    000000b4                     : usbbuffer.obj (.text:HandleRxAvailable)
                  00000e68    000000a4                     : usbdenum.obj (.text:USBDeviceIntHandlerInternal)
                  00000f0c    000000a2                     : usbbuffer.obj (.text:ScheduleNextTransmission)
                  00000fae    00000002     startup_ccs.obj (.text:FaultISR)
                  00000fb0    0000009c     usb_dev_serial.obj (.text:GetLineCoding)
                  0000104c    0000009c     rtsv7M4_T_le_v4SPD16_eabi.lib : memcpy_t2.obj (.text)
                  000010e8    00000094     driverlib-cm4f.lib : sysctl.obj (.text:SysCtlPeripheralReset)
                  0000117c    00000094     usblib-cm4f.lib : usbdcdc.obj (.text:USBDCDCCompositeInit)
                  00001210    00000094     rtsv7M4_T_le_v4SPD16_eabi.lib : auto_init.obj (.text)
                  000012a4    0000008e     usblib-cm4f.lib : usbdcdc.obj (.text:USBDCDCPacketRead)
                  00001332    0000008c                     : usbdcdc.obj (.text:SendSerialState)
                  000013be    00000088                     : usbdcdc.obj (.text:CDCTickHandler)
                  00001446    00000002     startup_ccs.obj (.text:IntDefaultHandler)
                  00001448    00000084     usblib-cm4f.lib : usbdenum.obj (.text:USBDClearFeature)
                  000014cc    00000084                     : usbdenum.obj (.text:USBDSetConfiguration)
                  00001550    00000084                     : usbdenum.obj (.text:USBDSetInterface)
                  000015d4    00000078     usb_dev_serial.obj (.text:SetLineCoding)
                  0000164c    00000078     usblib-cm4f.lib : usbdenum.obj (.text:USBDGetStatus)
                  000016c4    00000076     driverlib-cm4f.lib : usb.obj (.text:USBDevEndpointConfigSet)
                  0000173a    00000074     usblib-cm4f.lib : usbdcdc.obj (.text:HandleDevice)
                  000017ae    0000006c                     : usbdcdc.obj (.text:ProcessDataFromHost)
                  0000181a    00000002     startup_ccs.obj (.text:NmiSR)
                  0000181c    0000006c     usblib-cm4f.lib : usbdenum.obj (.text:USBDSetFeature)
                  00001888    00000068     usb_dev_serial.obj (.text:ReadUARTData)
                  000018f0    00000068     usblib-cm4f.lib : usbdenum.obj (.text:USBDEP0StateTx)
                  00001958    00000064     driverlib-cm4f.lib : interrupt.obj (.text:IntEnable)
                  000019bc    00000060     usblib-cm4f.lib : usbbuffer.obj (.text:USBBufferEventCallback)
                  00001a1c    0000005e     driverlib-cm4f.lib : usb.obj (.text:USBDevEndpointStatusClear)
                  00001a7a    0000005e     rtsv7M4_T_le_v4SPD16_eabi.lib : copy_decompress_rle.obj (.text)
                  00001ad8    0000005c     usb_dev_serial.obj (.text:USBUARTIntHandler)
                  00001b34    00000058     driverlib-cm4f.lib : sysctl.obj (.text:SysCtlPeripheralEnable)
                  00001b8c    00000058     usblib-cm4f.lib : usbdenum.obj (.text:USBDReadAndDispatchRequest)
                  00001be4    00000058                     : usbdenum.obj (.text:USBDStringIndexFromRequest)
                  00001c3c    00000056                     : usbdcdc.obj (.text:ProcessDataToHost)
                  00001c92    00000054                     : usbdconfig.obj (.text:GetEPDescriptorType)
                  00001ce6    00000050                     : usbdcdesc.obj (.text:USBDCDConfigDescGet)
                  00001d36    00000050     driverlib-cm4f.lib : usb.obj (.text:USBDevEndpointStallClear)
                  00001d86    0000004e     usblib-cm4f.lib : usbdcdesc.obj (.text:ConfigAlternateInterfaceGet)
                  00001dd4    0000004e                     : usbdcdc.obj (.text:USBDCDCPacketWrite)
                  00001e22    00000002     --HOLE-- [fill = 0]
                  00001e24    0000004c     usb_dev_serial.obj (.text:USBUARTPrimeTransmit)
                  00001e70    0000004c     rtsv7M4_T_le_v4SPD16_eabi.lib : cpy_tbl.obj (.text)
                  00001ebc    0000004a     usblib-cm4f.lib : usbdcdc.obj (.text:HandleEndpoints)
                  00001f06    00000002     --HOLE-- [fill = 0]
                  00001f08    00000048                     : usbdenum.obj (.text:USBDeviceResumeTickHandler)
                  00001f50    00000048     rtsv7M4_T_le_v4SPD16_eabi.lib : boot.obj (.text)
                  00001f98    00000046     driverlib-cm4f.lib : usb.obj (.text:USBFIFOConfigSet)
                  00001fde    00000002     --HOLE-- [fill = 0]
                  00001fe0    00000044     usblib-cm4f.lib : usbdenum.obj (.text:USBDGetInterface)
                  00002024    00000044     driverlib-cm4f.lib : usb.obj (.text:USBEndpointDataGet)
                  00002068    00000044     rtsv7M4_T_le_v4SPD16_eabi.lib : exit.obj (.text)
                  000020ac    00000042     usblib-cm4f.lib : usbdcdc.obj (.text:USBDCDCSerialStateChange)
                  000020ee    00000040                     : usbdcdc.obj (.text:HandleEP0Data)
                  0000212e    0000003e                     : usbdconfig.obj (.text:GetEndpointFIFOSize)
                  0000216c    0000003c     usb_dev_serial.obj (.text:RxHandler)
                  000021a8    0000003a     usblib-cm4f.lib : usbdcdesc.obj (.text:USBDCDConfigGetInterfaceEndpoint)
                  000021e2    00000038                     : usbdcdc.obj (.text:SendBreak)
                  0000221a    00000002     --HOLE-- [fill = 0]
                  0000221c    00000038                     : usbdenum.obj (.text:USBDGetConfiguration)
                  00002254    00000038     driverlib-cm4f.lib : usb.obj (.text:USBIntStatusControl)
                  0000228c    00000036     usblib-cm4f.lib : usbdcdesc.obj (.text:NextConfigDescGet)
                  000022c2    00000036     driverlib-cm4f.lib : usb.obj (.text:USBDevEndpointStall)
                  000022f8    00000036     usblib-cm4f.lib : usbringbuf.obj (.text:USBRingBufAdvanceWrite)
                  0000232e    00000002     --HOLE-- [fill = 0]
                  00002330    00000034                     : usbtick.obj (.text:InternalUSBStartOfFrameTick)
                  00002364    00000034     usb_dev_serial.obj (.text:SendBreak)
                  00002398    00000032     usblib-cm4f.lib : usbdenum.obj (.text:USBDeviceEnumResetHandler)
                  000023ca    00000002     --HOLE-- [fill = 0]
                  000023cc    00000030                     : usbtick.obj (.text:InternalUSBTickInit)
                  000023fc    00000030                     : usbdcdc.obj (.text:ProcessNotificationToHost)
                  0000242c    00000030                     : usbdcdc.obj (.text:USBDCDCInit)
                  0000245c    00000030     driverlib-cm4f.lib : usb.obj (.text:USBEndpointDataPut)
                  0000248c    0000002e     usblib-cm4f.lib : usbdcdc.obj (.text:USBDCDCRxPacketAvailable)
                  000024ba    0000002e     driverlib-cm4f.lib : usb.obj (.text:USBEndpointDataSend)
                  000024e8    0000002c     usb_dev_serial.obj (.text:CheckForSerialStateChange)
                  00002514    0000002c     usblib-cm4f.lib : usbtick.obj (.text:InternalUSBRegisterTickHandler)
                  00002540    0000002c                     : usbbuffer.obj (.text:USBBufferWrite)
                  0000256c    0000002c                     : usbdcdesc.obj (.text:USBDCDConfigDescGetNum)
                  00002598    0000002c                     : usbdesc.obj (.text:USBDescGet)
                  000025c4    00000028                     : usbdcdc.obj (.text:HandleConfigChange)
                  000025ec    00000028                     : usbdesc.obj (.text:USBDescGetNum)
                  00002614    00000028     driverlib-cm4f.lib : usb.obj (.text:USBIntEnableControl)
                  0000263c    00000028     usblib-cm4f.lib : usbringbuf.obj (.text:UpdateIndexAtomic)
                  00002664    00000024                     : usbbuffer.obj (.text:HandleRequestBuffer)
                  00002688    00000024                     : usbdcdc.obj (.text:SendLineCodingChange)
                  000026ac    00000024                     : usbbuffer.obj (.text:USBBufferRead)
                  000026d0    00000024                     : usbdenum.obj (.text:USBDSetAddress)
                  000026f4    00000024     driverlib-cm4f.lib : usb.obj (.text:USBDevEndpointDataAck)
                  00002718    00000022     usblib-cm4f.lib : usbdcdc.obj (.text:SendLineStateChange)
                  0000273a    00000020                     : usbdcdc.obj (.text:HandleDisconnect)
                  0000275a    00000002     --HOLE-- [fill = 0]
                  0000275c    00000020                     : usbmode.obj (.text:USBStackModeSet)
                  0000277c    0000001e                     : usbdcdc.obj (.text:CheckAndSendBreak)
                  0000279a    0000001e                     : usbbuffer.obj (.text:HandleDataRemaining)
                  000027b8    0000001e     driverlib-cm4f.lib : usb.obj (.text:USBEndpointDataAvail)
                  000027d6    0000001e     usblib-cm4f.lib : usbringbuf.obj (.text:USBRingBufAdvanceRead)
                  000027f4    0000001c                     : usbdcdc.obj (.text:SetDeferredOpFlag)
                  00002810    0000001c                     : usbdcdesc.obj (.text:USBDCDConfigGetInterface)
                  0000282c    0000001c                     : usbdenum.obj (.text:USBDCDStallEP0)
                  00002848    0000001c                     : usbringbuf.obj (.text:USBRingBufContigFree)
                  00002864    0000001a                     : usbdcdc.obj (.text:DeviceConsumedAllData)
                  0000287e    0000001a                     : usbringbuf.obj (.text:USBRingBufRead)
                  00002898    0000001a                     : usbringbuf.obj (.text:USBRingBufReadOne)
                  000028b2    0000001a                     : usbringbuf.obj (.text:USBRingBufWrite)
                  000028cc    00000018                     : usbdhandler.obj (.text:USB0DeviceIntHandler)
                  000028e4    00000018                     : usbdcdesc.obj (.text:USBDCDConfigDescGetSize)
                  000028fc    00000018                     : usbdenum.obj (.text:USBDSetDescriptor)
                  00002914    00000018                     : usbdenum.obj (.text:USBDSyncFrame)
                  0000292c    00000018     rtsv7M4_T_le_v4SPD16_eabi.lib : _lock.obj (.text)
                  00002944    00000018                                   : args_main.obj (.text)
                  0000295c    00000016     usblib-cm4f.lib : usbdcdc.obj (.text:CheckAndSendLineCodingChange)
                  00002972    00000016                     : usbdcdc.obj (.text:CheckAndSendLineStateChange)
                  00002988    00000016                     : usbbuffer.obj (.text:USBBufferInit)
                  0000299e    00000016     driverlib-cm4f.lib : usb.obj (.text:USBHostResume)
                  000029b4    00000016                        : usb.obj (.text:USBIndexWrite)
                  000029ca    00000016     usblib-cm4f.lib : usbringbuf.obj (.text:USBRingBufUsed)
                  000029e0    00000014                     : usbdenum.obj (.text:USBDCDRequestDataEP0)
                  000029f4    00000014     driverlib-cm4f.lib : usb.obj (.text:USBIntEnableEndpoint)
                  00002a08    00000014     usblib-cm4f.lib : usbringbuf.obj (.text:USBRingBufContigUsed)
                  00002a1c    00000014                     : usbringbuf.obj (.text:USBRingBufFlush)
                  00002a30    00000012                     : usbdcdc.obj (.text:HandleResume)
                  00002a42    00000012                     : usbdcdc.obj (.text:HandleSuspend)
                  00002a54    00000012                     : usbbuffer.obj (.text:HandleTxComplete)
                  00002a66    00000012     driverlib-cm4f.lib : usb.obj (.text:USBEndpointStatus)
                  00002a78    00000012     usblib-cm4f.lib : usbringbuf.obj (.text:USBRingBufFree)
                  00002a8a    00000012                     : usbringbuf.obj (.text:USBRingBufWriteOne)
                  00002a9c    00000012     rtsv7M4_T_le_v4SPD16_eabi.lib : copy_zero_init.obj (.text:decompress:ZI)
                  00002aae    00000002     --HOLE-- [fill = 0]
                  00002ab0    00000010     driverlib-cm4f.lib : sysctl.obj (.text:SysCtlUSBPLLEnable)
                  00002ac0    00000010     usb_dev_serial.obj (.text:SysTickIntHandler)
                  00002ad0    00000010     usblib-cm4f.lib : usbdcdc.obj (.text:USBDCDCTxPacketAvailable)
                  00002ae0    00000010                     : usbdenum.obj (.text:USBDCDSendDataEP0)
                  00002af0    0000000e     rtsv7M4_T_le_v4SPD16_eabi.lib : copy_decompress_none.obj (.text:decompress:none)
                  00002afe    0000000c     driverlib-cm4f.lib : cpu.obj (.text:CPUcpsid)
                  00002b0a    0000000c                        : cpu.obj (.text:CPUcpsie)
                  00002b16    0000000c                        : usb.obj (.text:USBIntStatusEndpoint)
                  00002b22    0000000c     usblib-cm4f.lib : usbringbuf.obj (.text:USBRingBufInit)
                  00002b2e    0000000a     driverlib-cm4f.lib : gpio.obj (.text:GPIOPinWrite)
                  00002b38    0000000a                        : interrupt.obj (.text:IntMasterDisable)
                  00002b42    0000000a                        : interrupt.obj (.text:IntMasterEnable)
                  00002b4c    0000000a                        : usb.obj (.text:USBDevConnect)
                  00002b56    0000000a                        : usb.obj (.text:USBDevDisconnect)
                  00002b60    00000008                        : usb.obj (.text:USBDevMode)
                  00002b68    00000008                        : usb.obj (.text:USBOTGMode)
                  00002b70    00000006     startup_ccs.obj (.text:ResetISR)
                  00002b76    00000006     driverlib-cm4f.lib : sysctl.obj (.text:SysCtlDelay)
                  00002b7c    00000006     usblib-cm4f.lib : usbbuffer.obj (.text:USBBufferDataAvailable)
                  00002b82    00000006                     : usbbuffer.obj (.text:USBBufferFlush)
                  00002b88    00000006                     : usbbuffer.obj (.text:USBBufferSpaceAvailable)
                  00002b8e    00000006     rtsv7M4_T_le_v4SPD16_eabi.lib : copy_decompress_rle.obj (.text:decompress:rle24)
                  00002b94    00000004     usb_dev_serial.obj (.text:TxHandler)
                  00002b98    00000004     driverlib-cm4f.lib : usb.obj (.text:USBDevAddrSet)

.const     0    00002b9c    0000038a     
                  00002b9c    00000078     usblib-cm4f.lib : usbdenum.obj (.const:g_sUSBDefaultFIFOConfig)
                  00002c14    00000070     driverlib-cm4f.lib : interrupt.obj (.const)
                  00002c84    0000006c                        : sysctl.obj (.const:g_pulXtals)
                  00002cf0    00000050     usblib-cm4f.lib : usbdcdc.obj (.const)
                  00002d40    00000040     driverlib-cm4f.lib : sysctl.obj (.const)
                  00002d80    00000036     usb_serial_structs.obj (.const:g_pConfigString)
                  00002db6    00000002     --HOLE-- [fill = 0]
                  00002db8    00000034     usblib-cm4f.lib : usbdenum.obj (.const:g_psUSBDStdRequests)
                  00002dec    00000030     usb_serial_structs.obj (.const)
                  00002e1c    0000002c     usb_serial_structs.obj (.const:g_pControlInterfaceString)
                  00002e48    0000002c     usb_serial_structs.obj (.const:g_sCDCDevice)
                  00002e74    00000024     usb_serial_structs.obj (.const:g_pManufacturerString)
                  00002e98    00000024     usb_serial_structs.obj (.const:g_sRxBuffer)
                  00002ebc    00000024     usb_serial_structs.obj (.const:g_sTxBuffer)
                  00002ee0    00000023     usblib-cm4f.lib : usbdcdc.obj (.const:g_pCDCSerCommInterface)
                  00002f03    00000001     --HOLE-- [fill = 0]
                  00002f04    00000022     usb_serial_structs.obj (.const:g_pProductString)

.cinit     0    00002f28    000000c0     
                  00002f28    00000098     (.cinit..data.load) [load image, compression = rle]
                  00002fc0    0000000c     (__TI_handler_table)
                  00002fcc    00000004     --HOLE-- [fill = 0]
                  00002fd0    00000008     (.cinit..bss.load) [load image, compression = zero_init]
                  00002fd8    00000010     (__TI_cinit_table)

.stack     0    20000000    00000400     UNINITIALIZED
                  20000000    00000400     --HOLE--

.bss       0    20000400    00000330     UNINITIALIZED
                  20000400    00000100     usb_serial_structs.obj (.bss:g_pcUSBRxBuffer)
                  20000500    00000100     usb_serial_structs.obj (.bss:g_pcUSBTxBuffer)
                  20000600    00000054     usblib-cm4f.lib : usbdenum.obj (.bss:g_psUSBDevice)
                  20000654    00000040                     : usbdenum.obj (.bss:g_pucDataBufferIn)
                  20000694    00000030     usb_serial_structs.obj (.bss)
                  200006c4    00000030     usblib-cm4f.lib : usbtick.obj (.bss)
                  200006f4    0000002c     usb_serial_structs.obj (.bss:g_sCDCInstance)
                  20000720    0000000c     usblib-cm4f.lib : usbmode.obj (.bss)
                  2000072c    00000004     usb_dev_serial.obj (.bss)

.data      0    20000730    000000d4     
                  20000730    0000004c     usblib-cm4f.lib : usbdcdc.obj (.data:g_sCDCSerDeviceInfo)
                  2000077c    00000040                     : usbdcdc.obj (.data)
                  200007bc    00000015     usb_dev_serial.obj (.data)
                  200007d1    00000003     --HOLE--
                  200007d4    0000000c     usblib-cm4f.lib : usbtick.obj (.data)
                  200007e0    00000009                     : usbmode.obj (.data)
                  200007e9    00000003     --HOLE--
                  200007ec    00000008     rtsv7M4_T_le_v4SPD16_eabi.lib : _lock.obj (.data)
                  200007f4    00000008                                   : exit.obj (.data)
                  200007fc    00000004                                   : stkdepth_vars.obj (.data)
                  20000800    00000004     usblib-cm4f.lib : usbdenum.obj (.data)


LINKER GENERATED COPY TABLES

__TI_cinit_table @ 00002fd8 records: 2, size/record: 8, table size: 16
	.data: load addr=00002f28, load size=00000098 bytes, run addr=20000730, run size=000000d4 bytes, compression=rle
	.bss: load addr=00002fd0, load size=00000008 bytes, run addr=20000400, run size=00000330 bytes, compression=zero_init


LINKER GENERATED HANDLER TABLE

__TI_handler_table @ 00002fc0 records: 3, size/record: 4, table size: 12
	index: 0, handler: __TI_decompress_rle24
	index: 1, handler: __TI_decompress_none
	index: 2, handler: __TI_zero_init


GLOBAL SYMBOLS: SORTED ALPHABETICALLY BY Name 

address    name
--------   ----
00002069   C$$EXIT
00002aff   CPUcpsid
00002b0b   CPUcpsie
00000b6d   ControlHandler
00002b2f   GPIOPinWrite
00001959   IntEnable
00002b39   IntMasterDisable
00002b43   IntMasterEnable
00002515   InternalUSBRegisterTickHandler
00002331   InternalUSBStartOfFrameTick
000023cd   InternalUSBTickInit
000017af   ProcessDataFromHost
00001c3d   ProcessDataToHost
000023fd   ProcessNotificationToHost
00002b71   ResetISR
0000216d   RxHandler
UNDEFED    SHT$$INIT_ARRAY$$Base
UNDEFED    SHT$$INIT_ARRAY$$Limit
0000026d   SysCtlClockGet
00002b77   SysCtlDelay
00001b35   SysCtlPeripheralEnable
000010e9   SysCtlPeripheralReset
00002ab1   SysCtlUSBPLLEnable
00002ac1   SysTickIntHandler
00002b95   TxHandler
000028cd   USB0DeviceIntHandler
00002b7d   USBBufferDataAvailable
000019bd   USBBufferEventCallback
00002b83   USBBufferFlush
00002989   USBBufferInit
000026ad   USBBufferRead
00002b89   USBBufferSpaceAvailable
00002541   USBBufferWrite
0000117d   USBDCDCCompositeInit
0000242d   USBDCDCInit
000012a5   USBDCDCPacketRead
00001dd5   USBDCDCPacketWrite
0000248d   USBDCDCRxPacketAvailable
000020ad   USBDCDCSerialStateChange
00002ad1   USBDCDCTxPacketAvailable
00001ce7   USBDCDConfigDescGet
0000256d   USBDCDConfigDescGetNum
000028e5   USBDCDConfigDescGetSize
00002811   USBDCDConfigGetInterface
000021a9   USBDCDConfigGetInterfaceEndpoint
000008d5   USBDCDInit
000029e1   USBDCDRequestDataEP0
00002ae1   USBDCDSendDataEP0
0000282d   USBDCDStallEP0
00002599   USBDescGet
000025ed   USBDescGetNum
00002b99   USBDevAddrSet
00002b4d   USBDevConnect
00002b57   USBDevDisconnect
000016c5   USBDevEndpointConfigSet
000026f5   USBDevEndpointDataAck
000022c3   USBDevEndpointStall
00001d37   USBDevEndpointStallClear
00001a1d   USBDevEndpointStatusClear
00002b61   USBDevMode
000005ed   USBDeviceConfig
00000cf9   USBDeviceConfigAlternate
000009c9   USBDeviceEnumHandler
00002399   USBDeviceEnumResetHandler
00000e69   USBDeviceIntHandlerInternal
00001f09   USBDeviceResumeTickHandler
000027b9   USBEndpointDataAvail
00002025   USBEndpointDataGet
0000245d   USBEndpointDataPut
000024bb   USBEndpointDataSend
00002a67   USBEndpointStatus
00001f99   USBFIFOConfigSet
0000299f   USBHostResume
00002615   USBIntEnableControl
000029f5   USBIntEnableEndpoint
00002255   USBIntStatusControl
00002b17   USBIntStatusEndpoint
00002b69   USBOTGMode
000027d7   USBRingBufAdvanceRead
000022f9   USBRingBufAdvanceWrite
00002849   USBRingBufContigFree
00002a09   USBRingBufContigUsed
00002a1d   USBRingBufFlush
00002a79   USBRingBufFree
00002b23   USBRingBufInit
0000287f   USBRingBufRead
00002899   USBRingBufReadOne
000029cb   USBRingBufUsed
000028b3   USBRingBufWrite
00002a8b   USBRingBufWriteOne
0000275d   USBStackModeSet
00001ad9   USBUARTIntHandler
20000400   __STACK_END
00000400   __STACK_SIZE
20000400   __STACK_TOP
00002fd8   __TI_CINIT_Base
00002fe8   __TI_CINIT_Limit
00002fc0   __TI_Handler_Table_Base
00002fcc   __TI_Handler_Table_Limit
00000001   __TI_args_main
00001211   __TI_auto_init
00002af1   __TI_decompress_none
00002b8f   __TI_decompress_rle24
00000000   __TI_static_base__
00002a9d   __TI_zero_init
0000104d   __aeabi_memcpy
0000104d   __aeabi_memcpy4
0000104d   __aeabi_memcpy8
ffffffff   __binit__
ffffffff   __c_args__
20000000   __stack
00002945   _args_main
00001f51   _c_int00
200007f4   _cleanup_ptr
200007f8   _dtors_ptr
200007ec   _lock
00002939   _nop
00002933   _register_lock
0000292d   _register_unlock
200007f0   _unlock
0000206d   abort
ffffffff   binit
00001e71   copy_in
00002075   exit
200007d4   g_bUSBTimerInitialized
20000724   g_eOTGModeState
200007e0   g_eUSBMode
00002d3c   g_pCDCCompSerConfigDescriptors
00002ee0   g_pCDCSerCommInterface
00002d38   g_pCDCSerConfigDescriptors
00002d08   g_pCDCSerDataInterface
2000078e   g_pCDCSerDescriptor
2000077c   g_pCDCSerDeviceDescriptor
00002d80   g_pConfigString
00002e1c   g_pControlInterfaceString
20000797   g_pIADSerDescriptor
00002dec   g_pLangDescriptor
00002e74   g_pManufacturerString
00002f04   g_pProductString
00002df0   g_pSerialNumberString
00002e04   g_pStringDescriptors
2000072c   g_pcStatus
20000400   g_pcUSBRxBuffer
20000500   g_pcUSBTxBuffer
200006c4   g_pfTickHandlers
00000000   g_pfnVectors
200007ac   g_psCDCCompSerSections
200007a0   g_psCDCSerSections
20000600   g_psUSBDevice
20000694   g_pucRxBufferWorkspace
200006ac   g_pucTxBufferWorkspace
200006dc   g_pvTickInstance
00002d30   g_sCDCCompSerConfigHeader
00002e48   g_sCDCDevice
200006f4   g_sCDCInstance
00002d00   g_sCDCSerCommInterfaceSection
00002d28   g_sCDCSerConfigHeader
00002cf0   g_sCDCSerConfigSection
00002d20   g_sCDCSerDataInterfaceSection
20000730   g_sCDCSerDeviceInfo
00002cf8   g_sIADSerConfigSection
00002e98   g_sRxBuffer
00002ebc   g_sTxBuffer
00002b9c   g_sUSBDefaultFIFOConfig
200007d8   g_ulCurrentUSBTick
200007cc   g_ulFlags
20000720   g_ulPollRate
200007c8   g_ulSysTickCount
200007c0   g_ulUARTRxCount
200007bc   g_ulUARTTxCount
200007dc   g_ulUSBSOFCount
200007e4   g_ulWaitTicks
00000445   main
200007fc   main_func_sp
0000104d   memcpy


GLOBAL SYMBOLS: SORTED BY Symbol Address 

address    name
--------   ----
00000000   __TI_static_base__
00000000   g_pfnVectors
00000001   __TI_args_main
0000026d   SysCtlClockGet
00000400   __STACK_SIZE
00000445   main
000005ed   USBDeviceConfig
000008d5   USBDCDInit
000009c9   USBDeviceEnumHandler
00000b6d   ControlHandler
00000cf9   USBDeviceConfigAlternate
00000e69   USBDeviceIntHandlerInternal
0000104d   __aeabi_memcpy
0000104d   __aeabi_memcpy4
0000104d   __aeabi_memcpy8
0000104d   memcpy
000010e9   SysCtlPeripheralReset
0000117d   USBDCDCCompositeInit
00001211   __TI_auto_init
000012a5   USBDCDCPacketRead
000016c5   USBDevEndpointConfigSet
000017af   ProcessDataFromHost
00001959   IntEnable
000019bd   USBBufferEventCallback
00001a1d   USBDevEndpointStatusClear
00001ad9   USBUARTIntHandler
00001b35   SysCtlPeripheralEnable
00001c3d   ProcessDataToHost
00001ce7   USBDCDConfigDescGet
00001d37   USBDevEndpointStallClear
00001dd5   USBDCDCPacketWrite
00001e71   copy_in
00001f09   USBDeviceResumeTickHandler
00001f51   _c_int00
00001f99   USBFIFOConfigSet
00002025   USBEndpointDataGet
00002069   C$$EXIT
0000206d   abort
00002075   exit
000020ad   USBDCDCSerialStateChange
0000216d   RxHandler
000021a9   USBDCDConfigGetInterfaceEndpoint
00002255   USBIntStatusControl
000022c3   USBDevEndpointStall
000022f9   USBRingBufAdvanceWrite
00002331   InternalUSBStartOfFrameTick
00002399   USBDeviceEnumResetHandler
000023cd   InternalUSBTickInit
000023fd   ProcessNotificationToHost
0000242d   USBDCDCInit
0000245d   USBEndpointDataPut
0000248d   USBDCDCRxPacketAvailable
000024bb   USBEndpointDataSend
00002515   InternalUSBRegisterTickHandler
00002541   USBBufferWrite
0000256d   USBDCDConfigDescGetNum
00002599   USBDescGet
000025ed   USBDescGetNum
00002615   USBIntEnableControl
000026ad   USBBufferRead
000026f5   USBDevEndpointDataAck
0000275d   USBStackModeSet
000027b9   USBEndpointDataAvail
000027d7   USBRingBufAdvanceRead
00002811   USBDCDConfigGetInterface
0000282d   USBDCDStallEP0
00002849   USBRingBufContigFree
0000287f   USBRingBufRead
00002899   USBRingBufReadOne
000028b3   USBRingBufWrite
000028cd   USB0DeviceIntHandler
000028e5   USBDCDConfigDescGetSize
0000292d   _register_unlock
00002933   _register_lock
00002939   _nop
00002945   _args_main
00002989   USBBufferInit
0000299f   USBHostResume
000029cb   USBRingBufUsed
000029e1   USBDCDRequestDataEP0
000029f5   USBIntEnableEndpoint
00002a09   USBRingBufContigUsed
00002a1d   USBRingBufFlush
00002a67   USBEndpointStatus
00002a79   USBRingBufFree
00002a8b   USBRingBufWriteOne
00002a9d   __TI_zero_init
00002ab1   SysCtlUSBPLLEnable
00002ac1   SysTickIntHandler
00002ad1   USBDCDCTxPacketAvailable
00002ae1   USBDCDSendDataEP0
00002af1   __TI_decompress_none
00002aff   CPUcpsid
00002b0b   CPUcpsie
00002b17   USBIntStatusEndpoint
00002b23   USBRingBufInit
00002b2f   GPIOPinWrite
00002b39   IntMasterDisable
00002b43   IntMasterEnable
00002b4d   USBDevConnect
00002b57   USBDevDisconnect
00002b61   USBDevMode
00002b69   USBOTGMode
00002b71   ResetISR
00002b77   SysCtlDelay
00002b7d   USBBufferDataAvailable
00002b83   USBBufferFlush
00002b89   USBBufferSpaceAvailable
00002b8f   __TI_decompress_rle24
00002b95   TxHandler
00002b99   USBDevAddrSet
00002b9c   g_sUSBDefaultFIFOConfig
00002cf0   g_sCDCSerConfigSection
00002cf8   g_sIADSerConfigSection
00002d00   g_sCDCSerCommInterfaceSection
00002d08   g_pCDCSerDataInterface
00002d20   g_sCDCSerDataInterfaceSection
00002d28   g_sCDCSerConfigHeader
00002d30   g_sCDCCompSerConfigHeader
00002d38   g_pCDCSerConfigDescriptors
00002d3c   g_pCDCCompSerConfigDescriptors
00002d80   g_pConfigString
00002dec   g_pLangDescriptor
00002df0   g_pSerialNumberString
00002e04   g_pStringDescriptors
00002e1c   g_pControlInterfaceString
00002e48   g_sCDCDevice
00002e74   g_pManufacturerString
00002e98   g_sRxBuffer
00002ebc   g_sTxBuffer
00002ee0   g_pCDCSerCommInterface
00002f04   g_pProductString
00002fc0   __TI_Handler_Table_Base
00002fcc   __TI_Handler_Table_Limit
00002fd8   __TI_CINIT_Base
00002fe8   __TI_CINIT_Limit
20000000   __stack
20000400   __STACK_END
20000400   __STACK_TOP
20000400   g_pcUSBRxBuffer
20000500   g_pcUSBTxBuffer
20000600   g_psUSBDevice
20000694   g_pucRxBufferWorkspace
200006ac   g_pucTxBufferWorkspace
200006c4   g_pfTickHandlers
200006dc   g_pvTickInstance
200006f4   g_sCDCInstance
20000720   g_ulPollRate
20000724   g_eOTGModeState
2000072c   g_pcStatus
20000730   g_sCDCSerDeviceInfo
2000077c   g_pCDCSerDeviceDescriptor
2000078e   g_pCDCSerDescriptor
20000797   g_pIADSerDescriptor
200007a0   g_psCDCSerSections
200007ac   g_psCDCCompSerSections
200007bc   g_ulUARTTxCount
200007c0   g_ulUARTRxCount
200007c8   g_ulSysTickCount
200007cc   g_ulFlags
200007d4   g_bUSBTimerInitialized
200007d8   g_ulCurrentUSBTick
200007dc   g_ulUSBSOFCount
200007e0   g_eUSBMode
200007e4   g_ulWaitTicks
200007ec   _lock
200007f0   _unlock
200007f4   _cleanup_ptr
200007f8   _dtors_ptr
200007fc   main_func_sp
ffffffff   __binit__
ffffffff   __c_args__
ffffffff   binit
UNDEFED    SHT$$INIT_ARRAY$$Base
UNDEFED    SHT$$INIT_ARRAY$$Limit

[175 symbols]
