******************************************************************************
                  TMS470 Linker PC v4.9.5                      
******************************************************************************
>> Linked Thu Apr 24 21:53:41 2014

OUTPUT FILE NAME:   <Lab8.out>
ENTRY POINT SYMBOL: "_c_int00"  address: 00000449


MEMORY CONFIGURATION

         name            origin    length      used     unused   attr    fill
----------------------  --------  ---------  --------  --------  ----  --------
  FLASH                 00000000   00040000  00000540  0003fac0  R  X
  SRAM                  20000000   00008000  00000114  00007eec  RW X


SEGMENT ALLOCATION MAP

run origin  load origin   length   init length attrs members
----------  ----------- ---------- ----------- ----- -------
00000000    00000000    00000544   00000544    r-x
  00000000    00000000    0000026c   0000026c    r-- .intvecs
  0000026c    0000026c    000002b8   000002b8    r-x .text
  00000528    00000528    0000001c   0000001c    r-- .cinit
20000000    20000000    00000100   00000000    rw-
  20000000    20000000    00000100   00000000    rw- .stack
20000100    20000100    00000014   00000014    rw-
  20000100    20000100    00000014   00000014    rw- .data


SECTION ALLOCATION MAP

 output                                  attributes/
section   page    origin      length       input sections
--------  ----  ----------  ----------   ----------------
.intvecs   0    00000000    0000026c     
                  00000000    0000026c     startup_ccs.obj (.intvecs)

.text      0    0000026c    000002b8     
                  0000026c    0000009c     rtsv7M4_T_le_v4SPD16_eabi.lib : memcpy_t2.obj (.text)
                  00000308    00000094                                   : auto_init.obj (.text)
                  0000039c    0000005e                                   : copy_decompress_rle.obj (.text)
                  000003fa    00000002     --HOLE-- [fill = 0]
                  000003fc    0000004c                                   : cpy_tbl.obj (.text)
                  00000448    00000048                                   : boot.obj (.text)
                  00000490    00000044                                   : exit.obj (.text)
                  000004d4    00000018                                   : _lock.obj (.text)
                  000004ec    00000018                                   : args_main.obj (.text)
                  00000504    0000000e                                   : copy_decompress_none.obj (.text:decompress:none)
                  00000512    0000000c     startup_ccs.obj (.text)
                  0000051e    00000006     rtsv7M4_T_le_v4SPD16_eabi.lib : copy_decompress_rle.obj (.text:decompress:rle24)

.cinit     0    00000528    0000001c     
                  00000528    00000009     (.cinit..data.load) [load image, compression = rle]
                  00000531    00000003     --HOLE-- [fill = 0]
                  00000534    00000008     (__TI_handler_table)
                  0000053c    00000008     (__TI_cinit_table)

.stack     0    20000000    00000100     UNINITIALIZED
                  20000000    00000100     --HOLE--

.data      0    20000100    00000014     
                  20000100    00000008     rtsv7M4_T_le_v4SPD16_eabi.lib : _lock.obj (.data)
                  20000108    00000008                                   : exit.obj (.data)
                  20000110    00000004                                   : stkdepth_vars.obj (.data)


LINKER GENERATED COPY TABLES

__TI_cinit_table @ 0000053c records: 1, size/record: 8, table size: 8
	.data: load addr=00000528, load size=00000009 bytes, run addr=20000100, run size=00000014 bytes, compression=rle


LINKER GENERATED HANDLER TABLE

__TI_handler_table @ 00000534 records: 2, size/record: 4, table size: 8
	index: 0, handler: __TI_decompress_rle24
	index: 1, handler: __TI_decompress_none


GLOBAL SYMBOLS: SORTED ALPHABETICALLY BY Name 

address    name
--------   ----
00000491   C$$EXIT
00000513   ResetISR
UNDEFED    SHT$$INIT_ARRAY$$Base
UNDEFED    SHT$$INIT_ARRAY$$Limit
20000100   __STACK_END
00000100   __STACK_SIZE
20000100   __STACK_TOP
0000053c   __TI_CINIT_Base
00000544   __TI_CINIT_Limit
00000534   __TI_Handler_Table_Base
0000053c   __TI_Handler_Table_Limit
00000001   __TI_args_main
00000309   __TI_auto_init
00000505   __TI_decompress_none
0000051f   __TI_decompress_rle24
00000000   __TI_static_base__
0000026d   __aeabi_memcpy
0000026d   __aeabi_memcpy4
0000026d   __aeabi_memcpy8
ffffffff   __binit__
ffffffff   __c_args__
20000000   __stack
000004ed   _args_main
00000449   _c_int00
20000108   _cleanup_ptr
2000010c   _dtors_ptr
20000100   _lock
000004e1   _nop
000004db   _register_lock
000004d5   _register_unlock
20000104   _unlock
00000495   abort
ffffffff   binit
000003fd   copy_in
0000049d   exit
00000000   g_pfnVectors
UNDEFED    main
20000110   main_func_sp
0000026d   memcpy


GLOBAL SYMBOLS: SORTED BY Symbol Address 

address    name
--------   ----
00000000   __TI_static_base__
00000000   g_pfnVectors
00000001   __TI_args_main
00000100   __STACK_SIZE
0000026d   __aeabi_memcpy
0000026d   __aeabi_memcpy4
0000026d   __aeabi_memcpy8
0000026d   memcpy
00000309   __TI_auto_init
000003fd   copy_in
00000449   _c_int00
00000491   C$$EXIT
00000495   abort
0000049d   exit
000004d5   _register_unlock
000004db   _register_lock
000004e1   _nop
000004ed   _args_main
00000505   __TI_decompress_none
00000513   ResetISR
0000051f   __TI_decompress_rle24
00000534   __TI_Handler_Table_Base
0000053c   __TI_CINIT_Base
0000053c   __TI_Handler_Table_Limit
00000544   __TI_CINIT_Limit
20000000   __stack
20000100   __STACK_END
20000100   __STACK_TOP
20000100   _lock
20000104   _unlock
20000108   _cleanup_ptr
2000010c   _dtors_ptr
20000110   main_func_sp
ffffffff   __binit__
ffffffff   __c_args__
ffffffff   binit
UNDEFED    SHT$$INIT_ARRAY$$Base
UNDEFED    SHT$$INIT_ARRAY$$Limit
UNDEFED    main

[39 symbols]
