******************************************************************************
                  TMS470 Linker PC v4.9.5                      
******************************************************************************
>> Linked Thu Apr 24 21:54:04 2014

OUTPUT FILE NAME:   <gpio_jtag.out>
ENTRY POINT SYMBOL: "_c_int00"  address: 00000c79


MEMORY CONFIGURATION

         name            origin    length      used     unused   attr    fill
----------------------  --------  ---------  --------  --------  ----  --------
  FLASH                 00000000   00040000  00000f90  0003f070  R  X
  SRAM                  20000000   00008000  00000123  00007edd  RW X


SEGMENT ALLOCATION MAP

run origin  load origin   length   init length attrs members
----------  ----------- ---------- ----------- ----- -------
00000000    00000000    00000f90   00000f90    r-x
  00000000    00000000    0000026c   0000026c    r-- .intvecs
  0000026c    0000026c    00000bec   00000bec    r-x .text
  00000e58    00000e58    00000100   00000100    r-- .const
  00000f58    00000f58    00000038   00000038    r-- .cinit
20000000    20000000    00000100   00000000    rw-
  20000000    20000000    00000100   00000000    rw- .stack
20000100    20000100    00000024   0000001f    rw-
  20000100    20000100    0000001f   0000001f    rw- .data
  20000120    20000120    00000004   00000000    rw- .bss


SECTION ALLOCATION MAP

 output                                  attributes/
section   page    origin      length       input sections
--------  ----  ----------  ----------   ----------------
.intvecs   0    00000000    0000026c     
                  00000000    0000026c     startup_ccs.obj (.intvecs)

.init_array 
*          0    00000000    00000000     UNINITIALIZED

.text      0    0000026c    00000bec     
                  0000026c    0000023e     uartstdio.obj (.text:UARTprintf)
                  000004aa    00000002     startup_ccs.obj (.text:FaultISR)
                  000004ac    000001d8     driverlib-cm4f.lib : sysctl.obj (.text:SysCtlClockGet)
                  00000684    0000011c     gpio_jtag.obj (.text:SysTickIntHandler)
                  000007a0    000000f4     gpio_jtag.obj (.text:main)
                  00000894    0000009c     uartstdio.obj (.text:UARTgets)
                  00000930    0000009c     rtsv7M4_T_le_v4SPD16_eabi.lib : memcpy_t2.obj (.text)
                  000009cc    00000094                                   : auto_init.obj (.text)
                  00000a60    0000006c     buttons.obj (.text:ButtonsPoll)
                  00000acc    00000060     buttons.obj (.text:ButtonsInit)
                  00000b2c    0000005e     rtsv7M4_T_le_v4SPD16_eabi.lib : copy_decompress_rle.obj (.text)
                  00000b8a    00000002     startup_ccs.obj (.text:IntDefaultHandler)
                  00000b8c    00000058     uartstdio.obj (.text:UARTStdioConfig)
                  00000be4    0000004c     rtsv7M4_T_le_v4SPD16_eabi.lib : cpy_tbl.obj (.text)
                  00000c30    00000048     driverlib-cm4f.lib : gpio.obj (.text:GPIOPinConfigure)
                  00000c78    00000048     rtsv7M4_T_le_v4SPD16_eabi.lib : boot.obj (.text)
                  00000cc0    00000044     uartstdio.obj (.text:UARTwrite)
                  00000d04    00000044     rtsv7M4_T_le_v4SPD16_eabi.lib : exit.obj (.text)
                  00000d48    00000042                                   : u_divt2.obj (.text)
                  00000d8a    00000002     startup_ccs.obj (.text:NmiSR)
                  00000d8c    00000020     uartstdio.obj (.text:UARTStdioInit)
                  00000dac    00000018     rtsv7M4_T_le_v4SPD16_eabi.lib : _lock.obj (.text)
                  00000dc4    00000018                                   : args_main.obj (.text)
                  00000ddc    00000014     driverlib-cm4f.lib : systick.obj (.text:SysTickEnable)
                  00000df0    00000014                        : systick.obj (.text:SysTickIntEnable)
                  00000e04    00000012     rtsv7M4_T_le_v4SPD16_eabi.lib : copy_zero_init.obj (.text:decompress:ZI)
                  00000e16    00000002     --HOLE-- [fill = 0]
                  00000e18    00000010     driverlib-cm4f.lib : systick.obj (.text:SysTickPeriodSet)
                  00000e28    0000000e     rtsv7M4_T_le_v4SPD16_eabi.lib : copy_decompress_none.obj (.text:decompress:none)
                  00000e36    0000000c     driverlib-cm4f.lib : cpu.obj (.text:CPUcpsie)
                  00000e42    0000000a                        : interrupt.obj (.text:IntMasterEnable)
                  00000e4c    00000006     startup_ccs.obj (.text:ResetISR)
                  00000e52    00000006     rtsv7M4_T_le_v4SPD16_eabi.lib : copy_decompress_rle.obj (.text:decompress:rle24)

.const     0    00000e58    00000100     
                  00000e58    00000078     driverlib-cm4f.lib : gpio.obj (.const:g_pulGPIOBaseAddrs)
                  00000ed0    0000006c                        : sysctl.obj (.const:g_pulXtals)
                  00000f3c    0000001c     uartstdio.obj (.const)

.cinit     0    00000f58    00000038     
                  00000f58    00000012     (.cinit..data.load) [load image, compression = rle]
                  00000f6a    00000002     --HOLE-- [fill = 0]
                  00000f6c    0000000c     (__TI_handler_table)
                  00000f78    00000008     (.cinit..bss.load) [load image, compression = zero_init]
                  00000f80    00000010     (__TI_cinit_table)

.stack     0    20000000    00000100     UNINITIALIZED
                  20000000    00000100     --HOLE--

.data      0    20000100    0000001f     
                  20000100    00000008     rtsv7M4_T_le_v4SPD16_eabi.lib : _lock.obj (.data)
                  20000108    00000008                                   : exit.obj (.data)
                  20000110    00000005     uartstdio.obj (.data)
                  20000115    00000003     --HOLE--
                  20000118    00000004     rtsv7M4_T_le_v4SPD16_eabi.lib : stkdepth_vars.obj (.data)
                  2000011c    00000003     buttons.obj (.data)

.bss       0    20000120    00000004     UNINITIALIZED
                  20000120    00000004     gpio_jtag.obj (.bss)


LINKER GENERATED COPY TABLES

__TI_cinit_table @ 00000f80 records: 2, size/record: 8, table size: 16
	.data: load addr=00000f58, load size=00000012 bytes, run addr=20000100, run size=0000001f bytes, compression=rle
	.bss: load addr=00000f78, load size=00000008 bytes, run addr=20000120, run size=00000004 bytes, compression=zero_init


LINKER GENERATED HANDLER TABLE

__TI_handler_table @ 00000f6c records: 3, size/record: 4, table size: 12
	index: 0, handler: __TI_decompress_rle24
	index: 1, handler: __TI_decompress_none
	index: 2, handler: __TI_zero_init


GLOBAL SYMBOLS: SORTED ALPHABETICALLY BY Name 

address    name
--------   ----
00000acd   ButtonsInit
00000a61   ButtonsPoll
00000d05   C$$EXIT
00000e37   CPUcpsie
00000c31   GPIOPinConfigure
00000e43   IntMasterEnable
00000e4d   ResetISR
UNDEFED    SHT$$INIT_ARRAY$$Base
UNDEFED    SHT$$INIT_ARRAY$$Limit
000004ad   SysCtlClockGet
00000ddd   SysTickEnable
00000df1   SysTickIntEnable
00000685   SysTickIntHandler
00000e19   SysTickPeriodSet
00000b8d   UARTStdioConfig
00000d8d   UARTStdioInit
00000895   UARTgets
0000026d   UARTprintf
00000cc1   UARTwrite
20000100   __STACK_END
00000100   __STACK_SIZE
20000100   __STACK_TOP
00000f80   __TI_CINIT_Base
00000f90   __TI_CINIT_Limit
00000f6c   __TI_Handler_Table_Base
00000f78   __TI_Handler_Table_Limit
00000001   __TI_args_main
000009cd   __TI_auto_init
00000e29   __TI_decompress_none
00000e53   __TI_decompress_rle24
00000000   __TI_static_base__
00000e05   __TI_zero_init
00000931   __aeabi_memcpy
00000931   __aeabi_memcpy4
00000931   __aeabi_memcpy8
00000d49   __aeabi_uidivmod
ffffffff   __binit__
ffffffff   __c_args__
20000000   __stack
00000dc5   _args_main
00000c79   _c_int00
20000108   _cleanup_ptr
2000010c   _dtors_ptr
20000100   _lock
00000db9   _nop
00000db3   _register_lock
00000dad   _register_unlock
20000104   _unlock
00000d09   abort
ffffffff   binit
00000be5   copy_in
00000d11   exit
00000000   g_pfnVectors
20000120   g_ulMode
000007a1   main
20000118   main_func_sp
00000931   memcpy


GLOBAL SYMBOLS: SORTED BY Symbol Address 

address    name
--------   ----
00000000   __TI_static_base__
00000000   g_pfnVectors
00000001   __TI_args_main
00000100   __STACK_SIZE
0000026d   UARTprintf
000004ad   SysCtlClockGet
00000685   SysTickIntHandler
000007a1   main
00000895   UARTgets
00000931   __aeabi_memcpy
00000931   __aeabi_memcpy4
00000931   __aeabi_memcpy8
00000931   memcpy
000009cd   __TI_auto_init
00000a61   ButtonsPoll
00000acd   ButtonsInit
00000b8d   UARTStdioConfig
00000be5   copy_in
00000c31   GPIOPinConfigure
00000c79   _c_int00
00000cc1   UARTwrite
00000d05   C$$EXIT
00000d09   abort
00000d11   exit
00000d49   __aeabi_uidivmod
00000d8d   UARTStdioInit
00000dad   _register_unlock
00000db3   _register_lock
00000db9   _nop
00000dc5   _args_main
00000ddd   SysTickEnable
00000df1   SysTickIntEnable
00000e05   __TI_zero_init
00000e19   SysTickPeriodSet
00000e29   __TI_decompress_none
00000e37   CPUcpsie
00000e43   IntMasterEnable
00000e4d   ResetISR
00000e53   __TI_decompress_rle24
00000f6c   __TI_Handler_Table_Base
00000f78   __TI_Handler_Table_Limit
00000f80   __TI_CINIT_Base
00000f90   __TI_CINIT_Limit
20000000   __stack
20000100   __STACK_END
20000100   __STACK_TOP
20000100   _lock
20000104   _unlock
20000108   _cleanup_ptr
2000010c   _dtors_ptr
20000118   main_func_sp
20000120   g_ulMode
ffffffff   __binit__
ffffffff   __c_args__
ffffffff   binit
UNDEFED    SHT$$INIT_ARRAY$$Base
UNDEFED    SHT$$INIT_ARRAY$$Limit

[57 symbols]
